\citra\user\config\qt-config.ini
\daphne\config.xml
\demul-old\Demul.ini
\demul\Demul.ini
\demul-old\gpuDX11old.ini
\demul\gpuDX11.ini
\dolphin-emu\User\Config\Dolphin.ini
\dolphin-emu\User\Config\GBA.ini
\dolphin-emu\User\Config\GCPadNew.ini
\dolphin-emu\User\Config\GFX.ini
\dolphin-emu\User\Config\WiimoteNew.ini
\dolphin-triforce\User\Config\Dolphin.ini
\dolphin-triforce\User\Config\GCPadNew.ini
\dolphin-triforce\User\Config\GFX.ini
\duckstation\settings.ini
\kega-fusion\Fusion.ini
\m2emulator\Emulator.ini
\mesen\settings.xml
\mgba\config.ini
\oricutron\oricutron.cfg
\pcsx2-16\inis\PCSX2_ui.ini
\pcsx2-16\inis\PCSX2_vm.ini
\pcsx2\inis\LilyPad.ini
\pcsx2\inis\PAD.ini
\pcsx2\inis\PCSX2_ui.ini
\pcsx2\inis\PCSX2_vm.ini
\ppsspp\memstick\PSP\SYSTEM\ppsspp.ini
\project64\Config\Project64.cfg
\raine\config\raine32_sdl.cfg
\redream\redream.cfg
\retroarch\config\override\*.cfg
\retroarch\retroarch-core-options.cfg
\retroarch\retroarch.cfg
\snes9x\snes9x.conf
\supermodel\Supermodel.ini
\winuae\winuae.ini
\xemu\xemu.ini
\xemu\xemu.toml