7z.exe
7za.exe
AppleWin
ArcadeFlashWeb.exe
BatGui.exe
BatGuiMenu.exe
Cemu.exe
DSPTool.exe
DaphneLoader.exe
Dolphin.exe
DolphinTool.exe
DolphinWX.exe
EMULATOR.exe
Fusion.exe
Future Pinball.exe
Mesen.exe
NO$GBA.exe
OpenBOR.exe
PPSSPPWindows.exe
PPSSPPWindows64.exe
Project64.exe
Sega Model 3 UI.exe
SimCoupe.exe
Tsugaru_CUI.exe
Tsugaru_GUI.exe
Updater.exe
WiimoteGun.exe
batocera-padsinfo.exe
batocera-retroachievements-info.exe
batocera-store.exe
batocera-systems.exe
BigPEmu.exe
citra-qt.exe
citra-room.exe
citra.exe
cxbx.exe
cxbxr-debugger.exe
cxbxr-ldr.exe
daphne.exe
demul.exe
dosbox.exe
duckstation-nogui-x64-ReleaseLTCG.exe
duckstation-qt-x64-ReleaseLTCG.exe
emulator_multicpu.exe
gsplus.exe
hypjsch.exe
hypjsch_x64.exe
hypseus.exe
input_grabber.exe
love.exe
lovec.exe
mGBA.exe
mame.exe
mame32.exe
mame64.exe
mednafen.exe
oricutron.exe
pcsx2.exe
pcsx2-qtx64-avx2.exe
pcsx2-qtx64.exe
pcsx2x64-avx2.exe
pcsx2x64.exe
PhoenixEmuProject.exe
raine.exe
raine32.exe
redream.exe
retroarch.exe
rpcs3.exe
snes9x-x64.exe
snes9x.exe
solarus-launcher.exe
solarus-run.exe
supermodel.exe
Vita3K.exe
vpinballx.exe
wget.exe
winuae.exe
winuae64.exe
xemu.exe
xenia-canary.exe
xenia.exe
xenia_canary.exe