2048
4do
81
a5200
atari800
bluemsx
bsnes
bsnes_hd_beta
cannonball
cap32
citra
craft
crocods
desmume
desmume2015
dolphin
dosbox_pure
easyrpg
emuscv
fbalpha
fbalpha2012
fbalpha2012_cps1
fbalpha2012_cps2
fbalpha2012_cps3
fbalpha2012_neogeo
fbneo
fceumm
flycast
fmsx
freechaf
freeintv
frodo
fuse
gambatte
gearboy
gearcoleco
gearsystem
genesis_plus_gx
genesis_plus_gx_wide
gpsp
gw
handy
hatari
imageviewer
kronos
lutro
mame
mame2000
mame2003_midway
mame2003_plus
mame2010
mame2014
mame2016
mednafen_gba
mednafen_lynx
mednafen_ngp
mednafen_pce
mednafen_pce_fast
mednafen_pcfx
mednafen_psx_hw
mednafen_saturn
mednafen_snes
mednafen_supergrafx
mednafen_vb
mednafen_wswan
melonds
mesen
mesen-s
mgba
mrboom
mupen64plus_next
nekop2
neocd
nestopia
np2kai
nxengine
o2em
opera
parallel_n64
pcsx2
pcsx_rearmed
picodrive
pokemini
potator
ppsspp
prboom
prosystem
puae
px68k
quasi88
race
retro8
same_cdi
scummvm
snes9x
stella
stella2014
swanstation
tgbdual
theodore
tic80
tyrquake
vba_next
vecx
vice_x128
vice_x64
vice_x64sc
vice_xpet
vice_xplus4
vice_xvic
virtualjaguar
wasm4
x1