bios
bios\dc
bios\dc\textures
bios\dolphin-emu
bios\dolphin-emu\Load
bios\dolphin-emu\Load\ResourcePacks
bios\fba
bios\fba\samples
bios\fbneo
bios\fbneo\samples
bios\HdPacks
bios\mame
bios\mame\artwork
bios\mame\cfg
bios\mame\hash
bios\mame\ini
bios\mame\samples
bios\mame2003
bios\mame2003-plus
bios\mame2003-plus\samples
bios\mame2003\samples
bios\mame2010
bios\mame2010\artwork
bios\mame2010\samples
bios\mame2014
bios\mame2014\artwork
bios\mame2014\samples
bios\mame2016
bios\mame2016\artwork
bios\mame2016\samples
bios\mame\artwork
bios\mame\samples
bios\Mupen64plus
bios\Mupen64plus\cache
bios\Mupen64plus\dump
bios\Mupen64plus\hires_texture
bios\neocd
bios\openmsx
bios\openmsx\share
bios\pcsx2
bios\pcsx2\bios
bios\pcsx2\textures
bios\quasi88
bios\raine
bios\raine\artwork
bios\raine\emudx
bios\same_cdi
bios\same_cdi\bios
cheats
cheats\duckstation
cheats\mame
cheats\pcsx2
cheats\pcsx2\cheats
cheats\pcsx2\cheats_ni
cheats\pcsx2\cheats_ws
cheats\retroarch
decorations
emulationstation
emulationstation\.emulationstation
emulationstation\.emulationstation\music
emulationstation\.emulationstation\scripts
emulationstation\.emulationstation\scripts\game-end
emulationstation\.emulationstation\scripts\game-start
emulationstation\.emulationstation\scripts\quit
emulationstation\.emulationstation\scripts\reboot
emulationstation\.emulationstation\scripts\shutdown
emulationstation\.emulationstation\scripts\sleep
emulationstation\.emulationstation\scripts\wake
emulationstation\.emulationstation\themes
emulationstation\.emulationstation\themesettings
emulationstation\.emulationstation\video
emulationstation\resources
emulators
emulators\3dsen
emulators\applewin
emulators\arcadeflashweb
emulators\bigpemu
emulators\bigpemu\userdata
emulators\cemu
emulators\cemu\mlc01
emulators\citra
emulators\citra\user
emulators\citra\user\config
emulators\citra-canary
emulators\citra-canary\user
emulators\citra-canary\user\config
emulators\cxbx-reloaded
emulators\cxbx-reloaded\EmuDisk
emulators\daphne
emulators\demul
emulators\demul-old
emulators\dolphin-emu
emulators\dolphin-emu\User
emulators\dolphin-emu\User\Config
emulators\dolphin-emu\User\GC
emulators\dolphin-emu\User\GC\EUR
emulators\dolphin-emu\User\GC\JAP
emulators\dolphin-emu\User\GC\USA
emulators\dolphin-triforce
emulators\dolphin-triforce\User
emulators\dolphin-triforce\User\Config
emulators\dolphin-triforce\User\GameSettings
emulators\dosbox
emulators\duckstation
emulators\fpinball
emulators\gsplus
emulators\hypseus
emulators\kega-fusion
emulators\m2emulator
emulators\mame
emulators\mame\cfg
emulators\mame\ini
emulators\mednafen
emulators\mesen
emulators\mgba
emulators\mupen64
emulators\mupen64\Config
emulators\nosgba
emulators\openbor
emulators\oricutron
emulators\pcsx2
emulators\pcsx2-16
emulators\pcsx2-16\Plugins
emulators\pcsx2-16\inis
emulators\pcsx2\inis
emulators\phoenix
emulators\ppsspp
emulators\ppsspp\memstick
emulators\ppsspp\memstick\PSP
emulators\ppsspp\memstick\PSP\SYSTEM
emulators\project64
emulators\project64\Config
emulators\raine
emulators\raine\config
emulators\redream
emulators\retroarch
emulators\retroarch\shaders
emulators\rpcs3
emulators\rpcs3\GuiConfigs
emulators\rpcs3\dev_hdd0
emulators\rpcs3\dev_hdd0\disc
emulators\rpcs3\dev_hdd0\game
emulators\ryujinx
emulators\ryujinx\portable
emulators\scummvm
emulators\simcoupe
emulators\snes9x
emulators\solarus
emulators\steam
emulators\supermodel
emulators\supermodel\Config
emulators\vita3k
emulators\vita3k\ux0
emulators\vita3k\ux0\user
emulators\vita3k\ux0\user\00
emulators\vpinball
emulators\xemu
emulators\xenia
emulators\xenia-canary
emulators\yuzu
emulators\yuzu-early-access
emulators\yuzu-early-access\user
emulators\yuzu-early-access\user\config
emulators\yuzu\user
emulators\yuzu\user\config
library
records
records\config
records\output
roms
saves
saves\amiga
saves\amiga\winuae
saves\gamecube
saves\gamecube\User
saves\gamecube\User\GC
saves\gamecube\User\GC\EUR
saves\gamecube\User\GC\JAP
saves\gamecube\User\GC\USA
saves\gba
saves\gba\mgba
saves\mame
saves\mame\artwork
saves\mame\ctrlr
saves\mame\fmtowns
saves\mame\nvram
saves\mame\states
saves\mastersystem
saves\mastersystem\kega-fusion
saves\megadrive
saves\megadrive\kega-fusion
saves\mesen
saves\ps2
saves\ps2\pcsx2
saves\ps2\pcsx2-16
saves\ps2\pcsx2-16\memcards
saves\ps2\pcsx2-16\sstates
saves\ps2\pcsx2\covers
saves\ps2\pcsx2\memcards
saves\ps2\pcsx2\sstates
saves\psp
saves\psp\PSP
saves\psp\PSP\TEXTURES
saves\psx
saves\psx\duckstation
saves\psx\duckstation\memcards
saves\psx\duckstation\sstates
saves\saturn
saves\saturn\kronos
saves\segacd
saves\segacd\kega-fusion
saves\snes
saves\snes\snes9x
saves\switch
saves\switch\dump
saves\switch\load
saves\switch\nand
saves\switch\sdmc
screenshots
screenshots\citra
screenshots\duckstation
screenshots\pcsx2
screenshots\winuae
screenshots\yuzu
sounds
sounds\retroachievements
system
system\configgen
system\decorations
system\download
system\es_menu
system\modules
system\modules\rb_launcher
system\modules\rb_updater
system\padtokey
system\resources
system\scripts
system\shaders
system\templates