3do
3ds
advision
amiga1200
amiga4000
amiga500
amigacd32
amigacdtv
amstradcpc
apfm1000
apple2
apple2gs
arcadia
astrocade
atari2600
atari5200
atari7800
atari800
atarist
atomiswave
bbcmicro
c128
c20
c64
camplynx
cannonball
cave
cavestory
cdi
channelf
chihiro
coco
colecovision
cplus4
cps1
cps2
cps3
crvision
daphne
dos
dreamcast
easyrpg
fbneo
fds
flash
fm7
fmtowns
fpinball
gaelco
gamate
gameandwatch
gamecom
gamecube
gamegear
gamepock
gb
gb2players
gba
gba2players
gbc
gbc2players
gmaster
gx4000
hbmame
hikaru
intellivision
jaguar
jaguarcd
lcdgames
love
lutro
lynx
mame
mastersystem
megadrive
megadrive-msu
megaduck
model2
model3
msx1
msx2
msx2+
mugen
n64
n64dd
naomi
naomi2
nds
neogeo
neogeo64
neogeocd
nes
ngp
ngpc
o2em
openbor
oricatmos
pc88
pc98
pcengine
pcenginecd
pcfx
pet
pico8
pinballfx3
pokemini
ports
prboom
ps2
ps3
psp
psvita
psx
pv1000
samcoupe
satellaview
saturn
scummvm
scv
sega32x
segacd
sg1000
sgb
snes
snes-msu
solarus
spectravideo
sufami
supergrafx
supervision
supracan
switch
teknoparrot
thomson
ti99
tic80
triforce
tutor
tvgames
tyrquake
vectrex
virtualboy
vpinball
vsmile
wasm4
wii
wiiu
windows
wswan
wswanc
x1
x68000
xbox
xbox360
zx81
zxspectrum
