\system\resources\emulationstation\notice.pdf|\emulationstation\.emulationstation\notice.pdf
\system\resources\emulationstation\progress.png|\emulationstation\resources\progress.png
\system\resources\emulationstation\splash.xml|\emulationstation\resources\splash.xml
\system\resources\retrobat_logo.svg|\emulationstation\resources\splash_retrobat.svg
\system\templates\bigpemu\userdata\BigPEmuConfig.bigpcfg|\emulators\bigpemu\userdata\BigPEmuConfig.bigpcfg
\system\templates\cemu\settings.xml|\emulators\cemu\settings.xml
\system\templates\citra\qt-config.ini|\emulators\citra\user\config\qt-config.ini
\system\templates\cxbx-reloaded\settings.ini|\emulators\cxbx-reloaded\settings.ini
\system\templates\daphne\config.xml|\emulators\daphne\config.xml
\system\templates\demul-old\Demul.ini|\emulators\demul-old\Demul.ini
\system\templates\demul-old\gpuDX11old.ini|\emulators\demul-old\gpuDX11old.ini
\system\templates\demul\Demul.ini|\emulators\demul\Demul.ini
\system\templates\demul\gpuDX11.ini|\emulators\demul\gpuDX11.ini
\system\templates\dolphin-triforce\Dolphin.ini|\emulators\dolphin-triforce\User\Config\Dolphin.ini
\system\templates\dolphin-triforce\GCPadNew.ini|\emulators\dolphin-triforce\User\Config\GCPadNew.ini
\system\templates\dolphin-triforce\GFX.ini|\emulators\dolphin-triforce\User\Config\GFX.ini
\system\templates\dolphin-triforce\GFZE01.ini|\emulators\dolphin-triforce\User\GameSettings\GFZE01.ini
\system\templates\dolphin-triforce\GGPE01.ini|\emulators\dolphin-triforce\User\GameSettings\GGPE01.ini
\system\templates\dolphin-triforce\GGPE02.ini|\emulators\dolphin-triforce\User\GameSettings\GGPE02.ini
\system\templates\dolphin-triforce\GGPE02.ini|\emulators\dolphin-triforce\User\GameSettings\RELSAB.ini
\system\templates\dolphin-triforce\GVSJ8P.ini|\emulators\dolphin-triforce\User\GameSettings\GVSJ8P.ini
\system\templates\dolphin\Dolphin.ini|\emulators\dolphin-emu\User\Config\Dolphin.ini
\system\templates\dolphin\GCPadNew.ini|\emulators\dolphin-emu\User\Config\GCPadNew.ini
\system\templates\dolphin\Hotkeys.ini|\emulators\dolphin-emu\User\Config\Hotkeys.ini
\system\templates\dosbox\run.dosbox|\emulators\dosbox\run.dosbox
\system\templates\duckstation\settings.ini|\emulators\duckstation\settings.ini
\system\templates\emulationstation\batocera-store.cfg|\emulationstation\batocera-store.cfg
\system\templates\emulationstation\emulatorLauncher.cfg|\emulationstation\emulatorLauncher.cfg
\system\templates\emulationstation\es_input.cfg|\emulationstation\.emulationstation\es_input.cfg
\system\templates\emulationstation\es_padtokey.cfg|\emulationstation\.emulationstation\es_padtokey.cfg
\system\templates\emulationstation\es_settings.cfg|\emulationstation\.emulationstation\es_settings.cfg
\system\templates\hypseus\hypinput.ini|\emulators\hypseus\hypinput.ini
\system\templates\infos\portable.txt|\emulators\cemu\portable.txt
\system\templates\infos\portable.txt|\emulators\citra\portable.txt
\system\templates\infos\portable.txt|\emulators\dolphin-emu\portable.txt
\system\templates\infos\portable.txt|\emulators\dolphin-triforce\portable.txt
\system\templates\infos\portable.txt|\emulators\duckstation\portable.txt
\system\templates\infos\portable.txt|\emulators\mgba\portable.ini
\system\templates\infos\portable.txt|\emulators\xenia-canary\portable.txt
\system\templates\infos\portable.txt|\emulators\xenia\portable.txt
\system\templates\kega-fusion\Fusion.ini|\emulators\kega-fusion\Fusion.ini
\system\templates\m2emulator\CFG.zip|\emulators\m2emulator\CFG
\system\templates\m2emulator\Emulator.ini|\emulators\m2emulator\Emulator.ini
\system\templates\m2emulator\NVDATA.zip|\emulators\m2emulator\NVDATA
\system\templates\m2emulator\ReShade.ini|\emulators\m2emulator\ReShade.ini
\system\templates\m2emulator\ReShadePreset.ini|\emulators\m2emulator\ReShadePreset.ini
\system\templates\m2emulator\d3d9.dll|\emulators\m2emulator\d3d9.dll
\system\templates\mame\fmtownsux.ini|\emulators\mame\ini\fmtownsux.ini
\system\templates\mame\ctrlr\ds4_ds5.cfg|\saves\mame\ctrlr\ds4_ds5.cfg
\system\templates\mesen\settings.xml|\emulators\mesen\settings.xml
\system\templates\mgba\config.ini|\emulators\mgba\config.ini
\system\templates\nosgba\NO$GBA.INI|\emulators\nosgba\NO$GBA.INI
\system\templates\oricutron\oricutron.cfg|\emulators\oricutron\oricutron.cfg
\system\templates\pcsx2-16\inis\Dev9null.ini|\emulators\pcsx2-16\inis\Dev9null.ini
\system\templates\pcsx2-16\inis\FWnull.ini|\emulators\pcsx2-16\inis\FWnull.ini
\system\templates\pcsx2-16\inis\GSdx.ini|\emulators\pcsx2-16\inis\GSdx.ini
\system\templates\pcsx2-16\inis\LilyPad.ini|\emulators\pcsx2-16\inis\LilyPad.ini
\system\templates\pcsx2-16\inis\PCSX2_ui.ini|\emulators\pcsx2-16\inis\PCSX2_ui.ini
\system\templates\pcsx2-16\inis\PCSX2_vm.ini|\emulators\pcsx2-16\inis\PCSX2_vm.ini
\system\templates\pcsx2-16\inis\SPU2-X.ini|\emulators\pcsx2-16\inis\SPU2-X.ini
\system\templates\pcsx2-16\inis\USBnull.ini|\emulators\pcsx2-16\inis\USBnull.ini
\system\templates\pcsx2-16\Plugins\nuvee_ps2_usb.dll|\emulators\pcsx2-16\Plugins\nuvee_ps2_usb.dll
\system\templates\pcsx2-16\portable.ini|\emulators\pcsx2-16\portable.ini
\system\templates\pcsx2\inis\PCSX2.ini|\emulators\pcsx2\inis\PCSX2.ini
\system\templates\pcsx2\portable.ini|\emulators\pcsx2\portable.ini
\system\templates\phoenix\phoenix.config.xml|\emulators\phoenix\phoenix.config.xml
\system\templates\ppsspp\ppsspp.ini|\emulators\ppsspp\memstick\PSP\SYSTEM\ppsspp.ini
\system\templates\project64\Project64.cfg|\emulators\project64\Config\Project64.cfg
\system\templates\raine\raine32_sdl.cfg|\emulators\raine\config\raine32_sdl.cfg
\system\templates\redream\redream.cfg|\emulators\redream\redream.cfg
\system\templates\retroarch\custom-shaders-presets.zip|\emulators\retroarch\shaders
\system\templates\retroarch\retroarch-core-options.cfg|\emulators\retroarch\retroarch-core-options.cfg
\system\templates\retroarch\retroarch.cfg|\emulators\retroarch\retroarch.cfg
\system\templates\roms\ports\craft.libretro|\roms\ports\2048.libretro
\system\templates\roms\ports\craft.libretro|\roms\ports\craft.libretro
\system\templates\roms\ports\craft.libretro|\roms\ports\mrboom.libretro
\system\templates\roms\ports\gamelist.xml|\roms\ports\gamelist.xml
\system\templates\roms\ports\images.zip|\roms\ports
\system\templates\roms\ps3\example-to-edit.m3u.txt|\roms\ps3\example-to-edit.m3u.txt
\system\templates\roms\wiiu\example-to-edit.m3u.txt|\roms\wiiu\example-to-edit.m3u.txt
\system\templates\rpcs3\GuiConfigs\CurrentSettings.ini|\emulators\rpcs3\GuiConfigs\CurrentSettings.ini
\system\templates\rpcs3\config.yml|\emulators\rpcs3\config.yml
\system\templates\ryujinx\portable\Config.json|\emulators\ryujinx\portable\Config.json
\system\templates\scummvm\scummvm.ini|\emulators\scummvm\scummvm.ini
\system\templates\snes9x\snes9x.conf|\emulators\snes9x\snes9x.conf
\system\templates\steam\pinballfx3.cmd|\emulators\steam\pinballfx3.cmd
\system\templates\supermodel\ReShade.ini|\emulators\supermodel\ReShade.ini
\system\templates\supermodel\ReShadePreset.ini|\emulators\supermodel\ReShadePreset.ini
\system\templates\supermodel\Supermodel.ini|\emulators\supermodel\Config\Supermodel.ini
\system\templates\supermodel\opengl32.dll|\emulators\supermodel\opengl32.dll
\system\templates\vita3k\config.yml|\emulators\vita3k\config.yml
\system\templates\vita3k\user.xml|\emulators\vita3k\ux0\user\00\user.xml
\system\templates\winuae\winuae.ini|\emulators\winuae\winuae.ini
\system\templates\xemu\xemu.toml|\emulators\xemu\xemu.toml
\system\templates\xenia-canary\gamecontrollerdb.txt|\emulators\xenia-canary\gamecontrollerdb.txt
\system\templates\xenia-canary\xenia-canary.config.toml|\emulators\xenia-canary\xenia-canary.config.toml
\system\templates\xenia\gamecontrollerdb.txt|\emulators\xenia\gamecontrollerdb.txt
\system\templates\xenia\xenia.config.toml|\emulators\xenia\xenia.config.toml
\system\templates\yuzu\qt-config.ini|\emulators\yuzu-early-access\user\config\qt-config.ini
\system\templates\yuzu\qt-config.ini|\emulators\yuzu\user\config\qt-config.ini